--------------------------------------------------------------------------------
CPU name:	Intel(R) Core(TM) i5-7500 CPU @ 3.40GHz
CPU type:	Intel Coffeelake processor
CPU clock:	3.41 GHz
--------------------------------------------------------------------------------
Defina o grau da matriz:

Ler matriz de coeficientes:
Ler vetor de Termos Independentes:
--------------------------------------------------------------------------------
Region Teste_ElimGauss, Group 1: FLOPS_DP
+-------------------+----------+
|    Region Info    |  Core 3  |
+-------------------+----------+
| RDTSC Runtime [s] | 0.000001 |
|     call count    |        1 |
+-------------------+----------+

+------------------------------------------+---------+--------+
|                   Event                  | Counter | Core 3 |
+------------------------------------------+---------+--------+
|             INSTR_RETIRED_ANY            |  FIXC0  |   5075 |
|           CPU_CLK_UNHALTED_CORE          |  FIXC1  |  18870 |
|           CPU_CLK_UNHALTED_REF           |  FIXC2  |  17324 |
| FP_ARITH_INST_RETIRED_128B_PACKED_DOUBLE |   PMC0  |      0 |
|    FP_ARITH_INST_RETIRED_SCALAR_DOUBLE   |   PMC1  |     29 |
| FP_ARITH_INST_RETIRED_256B_PACKED_DOUBLE |   PMC2  |      0 |
+------------------------------------------+---------+--------+

+----------------------+--------------+
|        Metric        |    Core 3    |
+----------------------+--------------+
|  Runtime (RDTSC) [s] | 1.143806e-06 |
| Runtime unhalted [s] | 5.538880e-06 |
|      Clock [MHz]     |    3710.8521 |
|          CPI         |       3.7182 |
|      DP MFLOP/s      |      25.3539 |
|    AVX DP MFLOP/s    |            0 |
|    Packed MUOPS/s    |            0 |
|    Scalar MUOPS/s    |      25.3539 |
|  Vectorization ratio |            0 |
+----------------------+--------------+

